\BOOKMARK [1][-]{section.1}{\376\377\000I\000n\000t\000r\000o\000d\000u\000c\000t\000i\000o\000n}{}% 1
\BOOKMARK [2][-]{subsection.1.1}{\376\377\000M\000o\000d\000e\000l\000\040\000a\000n\000d\000\040\000w\000o\000r\000k\000f\000l\000o\000w\000\040\000s\000i\000g\000n\000a\000l\000s}{section.1}% 2
\BOOKMARK [2][-]{subsection.1.2}{\376\377\000E\000v\000a\000l\000u\000a\000t\000i\000o\000n\000\040\000r\000e\000g\000i\000m\000e\000s\000\040\000a\000n\000d\000\040\000p\000r\000o\000t\000o\000c\000o\000l\000s}{section.1}% 3
\BOOKMARK [2][-]{subsection.1.3}{\376\377\000C\000o\000n\000t\000r\000i\000b\000u\000t\000i\000o\000n\000s}{section.1}% 4
\BOOKMARK [1][-]{section.2}{\376\377\000R\000e\000l\000a\000t\000e\000d\000\040\000W\000o\000r\000k}{}% 5
\BOOKMARK [1][-]{section.3}{\376\377\000M\000e\000t\000h\000o\000d}{}% 6
\BOOKMARK [2][-]{subsection.3.1}{\376\377\000A\000r\000c\000h\000i\000t\000e\000c\000t\000u\000r\000e}{section.3}% 7
\BOOKMARK [2][-]{subsection.3.2}{\376\377\000I\000n\000f\000e\000r\000e\000n\000c\000e\000:\000\040\000c\000a\000u\000s\000a\000l\000-\000a\000t\000-\000i\000n\000f\000e\000r\000e\000n\000c\000e\000\040\000v\000a\000r\000i\000a\000n\000t}{section.3}% 8
\BOOKMARK [1][-]{section.4}{\376\377\000E\000x\000p\000e\000r\000i\000m\000e\000n\000t\000a\000l\000\040\000S\000e\000t\000u\000p}{}% 9
\BOOKMARK [1][-]{section.5}{\376\377\000R\000e\000s\000u\000l\000t\000s}{}% 10
\BOOKMARK [2][-]{subsection.5.1}{\376\377\000M\000u\000l\000t\000i\000B\000y\000p\000a\000s\000s\0001\0004\0000\000\040\000w\000i\000t\000h\000i\000n\000-\000c\000e\000n\000t\000e\000r\000:\000\040\000w\000o\000r\000k\000f\000l\000o\000w\000\040\000c\000o\000n\000d\000i\000t\000i\000o\000n\000i\000n\000g\000\040\000h\000e\000l\000p\000s\000\040\000u\000n\000d\000e\000r\000\040\000t\000h\000e\000\040\000s\000t\000r\000i\000c\000t\000\040\000p\000r\000e\000f\000i\000x\000-\000o\000n\000l\000y\000\040\000p\000r\000o\000t\000o\000c\000o\000l}{section.5}% 11
\BOOKMARK [3][-]{subsubsection.5.1.1}{\376\377\0005\000-\000f\000o\000l\000d\000\040\000c\000r\000o\000s\000s\000-\000v\000a\000l\000i\000d\000a\000t\000i\000o\000n\000\040\000e\000x\000t\000e\000n\000s\000i\000o\000n}{subsection.5.1}% 12
\BOOKMARK [2][-]{subsection.5.2}{\376\377\000C\000r\000o\000s\000s\000-\000c\000e\000n\000t\000e\000r\000\040\000M\000u\000l\000t\000i\000B\000y\000p\000a\000s\000s\0001\0004\0000\000:\000\040\000w\000o\000r\000k\000f\000l\000o\000w\000\040\000c\000o\000n\000d\000i\000t\000i\000o\000n\000i\000n\000g\000\040\000h\000e\000l\000p\000s\000\040\000u\000n\000d\000e\000r\000\040\000t\000h\000e\000\040\000s\000t\000r\000i\000c\000t\000\040\000p\000r\000o\000t\000o\000c\000o\000l}{section.5}% 13
\BOOKMARK [2][-]{subsection.5.3}{\376\377\000C\000h\000o\000l\000e\000c\0008\0000\000:\000\040\000o\000r\000a\000c\000l\000e\000\040\000n\000u\000l\000l\000,\000\040\000t\000e\000a\000c\000h\000e\000r\000-\000f\000o\000r\000c\000e\000d\000\040\000p\000r\000e\000f\000i\000x\000\040\000n\000e\000g\000a\000t\000i\000v\000e}{section.5}% 14
\BOOKMARK [2][-]{subsection.5.4}{\376\377\000S\000t\000r\000i\000c\000t\000\040\000p\000i\000x\000e\000l\000-\000o\000n\000l\000y\000\040\000c\000a\000u\000s\000a\000l\000:\000\040\000d\000e\000p\000l\000o\000y\000a\000b\000l\000e\000\040\000p\000r\000e\000d\000i\000c\000t\000o\000r\000\040\000e\000v\000a\000l\000u\000a\000t\000i\000o\000n}{section.5}% 15
\BOOKMARK [3][-]{subsubsection.5.4.1}{\376\377\000P\000o\000s\000t\000e\000r\000i\000o\000r\000\040\000t\000e\000m\000p\000e\000r\000a\000t\000u\000r\000e\000\040\000i\000s\000\040\000r\000o\000b\000u\000s\000t}{subsection.5.4}% 16
\BOOKMARK [2][-]{subsection.5.5}{\376\377\000S\000t\000a\000t\000i\000s\000t\000i\000c\000a\000l\000\040\000s\000i\000g\000n\000i\000f\000i\000c\000a\000n\000c\000e}{section.5}% 17
\BOOKMARK [1][-]{section.6}{\376\377\000D\000i\000s\000c\000u\000s\000s\000i\000o\000n\000\040\000a\000n\000d\000\040\000L\000i\000m\000i\000t\000a\000t\000i\000o\000n\000s}{}% 18
\BOOKMARK [2][-]{subsection.6.1}{\376\377\000I\000m\000p\000l\000i\000c\000a\000t\000i\000o\000n\000s\000\040\000o\000f\000\040\000t\000h\000e\000\040\000v\000a\000r\000i\000a\000b\000i\000l\000i\000t\000y\000-\000s\000c\000a\000l\000i\000n\000g\000\040\000r\000e\000s\000u\000l\000t}{section.6}% 19
\BOOKMARK [2][-]{subsection.6.2}{\376\377\000L\000i\000m\000i\000t\000a\000t\000i\000o\000n\000s\000\040\000a\000n\000d\000\040\000s\000c\000o\000p\000e}{section.6}% 20
\BOOKMARK [1][-]{section.7}{\376\377\000C\000o\000n\000c\000l\000u\000s\000i\000o\000n}{}% 21
\BOOKMARK [1][-]{section.8}{\376\377\000A\000p\000p\000e\000n\000d\000i\000x\000\040\000A\000\040\040\024\000\040\000I\000m\000p\000l\000e\000m\000e\000n\000t\000a\000t\000i\000o\000n\000\040\000D\000e\000t\000a\000i\000l\000s}{}% 22
\BOOKMARK [1][-]{section.9}{\376\377\000A\000p\000p\000e\000n\000d\000i\000x\000\040\000B\000\040\040\024\000\040\000H\000y\000p\000e\000r\000p\000a\000r\000a\000m\000e\000t\000e\000r\000\040\000s\000e\000n\000s\000i\000t\000i\000v\000i\000t\000y\000\040\000a\000n\000d\000\040\000t\000h\000e\000\040\000s\000m\000o\000o\000t\000h\000e\000r}{}% 23
\BOOKMARK [1][-]{section.10}{\376\377\000A\000p\000p\000e\000n\000d\000i\000x\000\040\000C\000\040\040\024\000\040\000P\000e\000r\000-\000F\000o\000l\000d\000\040\000a\000n\000d\000\040\000P\000e\000r\000-\000S\000e\000e\000d\000\040\000T\000a\000b\000l\000e\000s}{}% 24
\BOOKMARK [2][-]{subsection.10.1}{\376\377\000C\000.\0001\000\040\000M\000u\000l\000t\000i\000B\000y\000p\000a\000s\000s\0001\0004\0000\000\040\000s\000t\000r\000i\000c\000t\000-\000p\000r\000o\000t\000o\000c\000o\000l\000\040\0005\000-\000f\000o\000l\000d\000\040\000\040\0003\000-\000s\000e\000e\000d\000\040\000e\000x\000t\000e\000n\000s\000i\000o\000n\000\040\000\050\000P\000h\000a\000s\000e\000\040\000E\000\051}{section.10}% 25
\BOOKMARK [2][-]{subsection.10.2}{\376\377\000C\000.\0002\000\040\000S\000t\000r\000i\000c\000t\000-\000p\000r\000o\000t\000o\000c\000o\000l\000\040\000b\000o\000o\000t\000s\000t\000r\000a\000p\000\040\000C\000I\000s\000\040\000+\000\040\000p\000a\000i\000r\000e\000d\000\040\000W\000i\000l\000c\000o\000x\000o\000n\000\040\000\050\000m\000a\000t\000c\000h\000e\000d\000\040\000p\000e\000r\000-\000v\000i\000d\000e\000o\000\040\000m\000e\000t\000r\000i\000c\000\051}{section.10}% 26
\BOOKMARK [2][-]{subsection.10.3}{\376\377\000C\000.\0003\000\040\000C\000h\000o\000l\000e\000c\0008\0000\000\040\0003\000-\000s\000e\000e\000d\000\040\000\040\0003\000-\000c\000o\000n\000d\000i\000t\000i\000o\000n\000\040\000t\000a\000b\000l\000e}{section.10}% 27
\BOOKMARK [2][-]{subsection.10.4}{\376\377\000C\000.\0004\000\040\000L\000e\000g\000a\000c\000y\000\040\000c\000e\000n\000t\000e\000r\000e\000d\000-\000w\000i\000n\000d\000o\000w\000\040\000p\000r\000o\000t\000o\000c\000o\000l\000\040\000\050\000c\000o\000m\000p\000a\000r\000i\000s\000o\000n\000\051}{section.10}% 28
\BOOKMARK [1][-]{section.11}{\376\377\000A\000p\000p\000e\000n\000d\000i\000x\000\040\000D\000\040\040\024\000\040\000N\000e\000g\000a\000t\000i\000v\000e\000\040\000R\000e\000s\000u\000l\000t\000:\000\040\000p\000e\000r\000-\000v\000i\000d\000e\000o\000\040\000O\000v\000e\000r\000f\000i\000t\000-\000R\000e\000s\000i\000d\000u\000a\000l\000\040\000F\000r\000a\000m\000e\000\040\000F\000i\000l\000t\000e\000r\000i\000n\000g}{}% 29
\BOOKMARK [1][-]{section.12}{\376\377\000A\000p\000p\000e\000n\000d\000i\000x\000\040\000E\000\040\040\024\000\040\000F\000a\000i\000l\000u\000r\000e\000\040\000m\000o\000d\000e\000s\000\040\000\050\000q\000u\000a\000l\000i\000t\000a\000t\000i\000v\000e\000\051}{}% 30
\BOOKMARK [1][-]{section.13}{\376\377\000A\000p\000p\000e\000n\000d\000i\000x\000\040\000F\000\040\040\024\000\040\000S\000h\000u\000f\000f\000l\000e\000d\000-\000t\000o\000k\000e\000n\000\040\000s\000e\000m\000a\000n\000t\000i\000c\000\040\000c\000o\000n\000t\000r\000o\000l\000\040\000\050\000i\000m\000p\000l\000e\000m\000e\000n\000t\000a\000t\000i\000o\000n\000\040\000a\000n\000d\000\040\000r\000e\000s\000u\000l\000t\000\051}{}% 31
\BOOKMARK [1][-]{section.14}{\376\377\000A\000p\000p\000e\000n\000d\000i\000x\000\040\000Z\000\040\040\024\000\040\000E\000x\000t\000e\000n\000d\000e\000d\000\040\000d\000i\000s\000c\000u\000s\000s\000i\000o\000n\000\040\000\050\000c\000u\000t\000\040\000f\000r\000o\000m\000\040\000m\000a\000i\000n\000\040\000p\000a\000p\000e\000r\000\040\000f\000o\000r\000\040\000l\000e\000n\000g\000t\000h\000\051}{}% 32
\BOOKMARK [2][-]{subsection.14.1}{\376\377\000M\000o\000t\000i\000v\000a\000t\000i\000o\000n}{section.14}% 33
\BOOKMARK [2][-]{subsection.14.2}{\376\377\000T\000h\000e\000\040\000t\000e\000c\000h\000n\000i\000c\000a\000l\000\040\000p\000r\000o\000b\000l\000e\000m\000\040\000a\000n\000d\000\040\000w\000h\000e\000r\000e\000\040\000i\000t\000\040\000g\000e\000t\000s\000\040\000h\000a\000r\000d}{section.14}% 34
\BOOKMARK [2][-]{subsection.14.3}{\376\377\000T\000h\000e\000\040\000q\000u\000e\000s\000t\000i\000o\000n\000\040\000t\000h\000i\000s\000\040\000p\000a\000p\000e\000r\000\040\000a\000s\000k\000s}{section.14}% 35
\BOOKMARK [2][-]{subsection.14.4}{\376\377\000W\000h\000y\000\040\000t\000h\000i\000s\000\040\000i\000s\000\040\000a\000\040\000c\000o\000n\000t\000r\000i\000b\000u\000t\000i\000o\000n}{section.14}% 36
\BOOKMARK [2][-]{subsection.14.5}{\376\377\000M\000u\000l\000t\000i\000B\000y\000p\000a\000s\000s\0001\0004\0000}{section.14}% 37
\BOOKMARK [2][-]{subsection.14.6}{\376\377\000C\000h\000o\000l\000e\000c\0008\0000\000\040\000\050\0007\0002\000-\000v\000i\000d\000e\000o\000\040\000p\000u\000b\000l\000i\000c\000\040\000p\000h\000a\000s\000e\000-\000l\000a\000b\000e\000l\000e\000d\000\040\000s\000u\000b\000s\000e\000t\000\051}{section.14}% 38
\BOOKMARK [2][-]{subsection.14.7}{\376\377\000M\000e\000t\000r\000i\000c\000s}{section.14}% 39
\BOOKMARK [2][-]{subsection.14.8}{\376\377\000N\000o\000t\000a\000t\000i\000o\000n}{section.14}% 40
\BOOKMARK [2][-]{subsection.14.9}{\376\377\000W\000o\000r\000k\000f\000l\000o\000w\000\040\000c\000l\000u\000s\000t\000e\000r\000i\000n\000g\000\040\000p\000i\000p\000e\000l\000i\000n\000e\000\040\000\050\000o\000f\000f\000l\000i\000n\000e\000\051}{section.14}% 41
\BOOKMARK [2][-]{subsection.14.10}{\376\377\000T\000r\000a\000i\000n\000i\000n\000g\000:\000\040\000o\000r\000a\000c\000l\000e\000\040\000\050\000r\000e\000t\000r\000o\000s\000p\000e\000c\000t\000i\000v\000e\000\051\000\040\000v\000a\000r\000i\000a\000n\000t}{section.14}% 42
\BOOKMARK [2][-]{subsection.14.11}{\376\377\000I\000n\000f\000e\000r\000e\000n\000c\000e\000-\000t\000i\000m\000e\000\040\000e\000n\000h\000a\000n\000c\000e\000m\000e\000n\000t\000s}{section.14}% 43
\BOOKMARK [2][-]{subsection.14.12}{\376\377\000E\000x\000p\000e\000r\000i\000m\000e\000n\000t\000a\000l\000\040\000d\000e\000s\000i\000g\000n\000\040\000a\000n\000d\000\040\000r\000a\000t\000i\000o\000n\000a\000l\000e}{section.14}% 44
\BOOKMARK [2][-]{subsection.14.13}{\376\377\000S\000h\000u\000f\000f\000l\000e\000d\000-\000t\000o\000k\000e\000n\000\040\000s\000e\000m\000a\000n\000t\000i\000c\000\040\000c\000o\000n\000t\000r\000o\000l\000:\000\040\000t\000h\000e\000\040\000w\000o\000r\000k\000f\000l\000o\000w\000\040\000s\000i\000g\000n\000a\000l\000\040\000c\000a\000r\000r\000i\000e\000s\000\040\000r\000e\000a\000l\000\040\000i\000n\000f\000o\000r\000m\000a\000t\000i\000o\000n}{section.14}% 45
\BOOKMARK [2][-]{subsection.14.14}{\376\377\000C\000h\000o\000l\000e\000c\0008\0000\000\040\000a\000b\000s\000o\000l\000u\000t\000e\000\040\000n\000u\000m\000b\000e\000r\000s\000\040\000\050\000s\000e\000c\000o\000n\000d\000a\000r\000y\000\051}{section.14}% 46
\BOOKMARK [2][-]{subsection.14.15}{\376\377\000T\000h\000e\000\040\000v\000a\000r\000i\000a\000b\000i\000l\000i\000t\000y\000-\000s\000c\000a\000l\000i\000n\000g\000\040\000c\000l\000a\000i\000m}{section.14}% 47
\BOOKMARK [2][-]{subsection.14.16}{\376\377\000D\000i\000a\000g\000n\000o\000s\000t\000i\000c\000\040\000c\000h\000a\000i\000n\000:\000\040\000p\000h\000a\000s\000e\000\040\000h\000e\000a\000d\000\040\000\040\000c\000l\000u\000s\000t\000e\000r\000\040\000p\000o\000s\000t\000e\000r\000i\000o\000r\000\040\000\040\000R\000S\000D\000\040\000M\000A\000E}{section.14}% 48
\BOOKMARK [2][-]{subsection.14.17}{\376\377\000R\000e\000p\000r\000o\000d\000u\000c\000i\000b\000i\000l\000i\000t\000y\000\040\000r\000e\000s\000o\000u\000r\000c\000e\000s}{section.14}% 49
